[INFO] Scanning for projects...
[INFO] ------------------------------------------------------------------------
[INFO] Reactor Build Order:
[INFO] 
[INFO] kvstore                                                            [pom]
[INFO] common                                                             [jar]
[INFO] client                                                             [jar]
[INFO] server                                                             [jar]
[INFO] 
[INFO] ----------------------< com.zenz.kvstore:kvstore >----------------------
[INFO] Building kvstore 1.0-SNAPSHOT                                      [1/4]
[INFO]   from pom.xml
[INFO] --------------------------------[ pom ]---------------------------------
[INFO] 
[INFO] ----------------------< com.zenz.kvstore:common >-----------------------
[INFO] Building common 1.0-SNAPSHOT                                       [2/4]
[INFO]   from common\pom.xml
[INFO] --------------------------------[ jar ]---------------------------------
[INFO] 
[INFO] --- resources:3.3.1:resources (default-resources) @ common ---
[INFO] Copying 0 resource from src\main\resources to target\classes
[INFO] 
[INFO] --- compiler:3.13.0:compile (default-compile) @ common ---
[INFO] Nothing to compile - all classes are up to date.
[INFO] 
[INFO] ----------------------< com.zenz.kvstore:client >-----------------------
[INFO] Building client 1.0-SNAPSHOT                                       [3/4]
[INFO]   from client\pom.xml
[INFO] --------------------------------[ jar ]---------------------------------
[INFO] 
[INFO] --- resources:3.3.1:resources (default-resources) @ client ---
[INFO] Copying 0 resource from src\main\resources to target\classes
[INFO] 
[INFO] --- compiler:3.13.0:compile (default-compile) @ client ---
[INFO] Nothing to compile - all classes are up to date.
[INFO] 
[INFO] ----------------------< com.zenz.kvstore:server >-----------------------
[INFO] Building server 1.0-SNAPSHOT                                       [4/4]
[INFO]   from server\pom.xml
[INFO] --------------------------------[ jar ]---------------------------------
[INFO] 
[INFO] --- resources:3.3.1:resources (default-resources) @ server ---
[INFO] skip non existing resourceDirectory C:\Users\ADMIN\MyProjects\kvstore\server\src\main\resources
[INFO] 
[INFO] --- compiler:3.13.0:compile (default-compile) @ server ---
[INFO] Nothing to compile - all classes are up to date.
[INFO] ------------------------------------------------------------------------
[INFO] Reactor Summary for kvstore 1.0-SNAPSHOT:
[INFO] 
[INFO] kvstore ............................................ SUCCESS [  0.004 s]
[INFO] common ............................................. SUCCESS [  0.558 s]
[INFO] client ............................................. SUCCESS [  0.026 s]
[INFO] server ............................................. SUCCESS [  0.289 s]
[INFO] ------------------------------------------------------------------------
[INFO] BUILD SUCCESS
[INFO] ------------------------------------------------------------------------
[INFO] Total time:  1.007 s
[INFO] Finished at: 2026-04-12T17:03:01+01:00
[INFO] ------------------------------------------------------------------------
